// Jest Snapshot v1, https://goo.gl/fbAQLP

exports[`renders Cart correctly 1`] = `
<div
  className="sc-bdfBwQ olWrH"
>
  <div
    className="sc-gsTCUz jLYoCy"
  >
    <a
      className="sc-dlfnbm ewOWZD"
      href="/"
      onClick={[Function]}
    >
      <h3>
        THE SHOP
      </h3>
    </a>
    <div
      className="sc-hKgILt dxqMOT"
    >
      <a
        href="/cart"
        onClick={[Function]}
      >
        <svg
          aria-hidden={true}
          className="MuiSvgIcon-root"
          data-testid="shopping-icon"
          focusable="false"
          style={
            Object {
              "color": "black",
            }
          }
          viewBox="0 0 24 24"
        >
          <path
            d="M7 18c-1.1 0-1.99.9-1.99 2S5.9 22 7 22s2-.9 2-2-.9-2-2-2zM1 2v2h2l3.6 7.59-1.35 2.45c-.16.28-.25.61-.25.96 0 1.1.9 2 2 2h12v-2H7.42c-.14 0-.25-.11-.25-.25l.03-.12.9-1.63h7.45c.75 0 1.41-.41 1.75-1.03l3.58-6.49c.08-.14.12-.31.12-.48 0-.55-.45-1-1-1H5.21l-.94-2H1zm16 16c-1.1 0-1.99.9-1.99 2s.89 2 1.99 2 2-.9 2-2-.9-2-2-2z"
          />
        </svg>
      </a>
      <div
        className="sc-eCssSg zpqXE badge badge-dark"
      >
        0
      </div>
    </div>
  </div>
  <h1>
    Shopping Cart
  </h1>
  <div>
    <div
      className="sc-gKsewC fNySHJ"
    >
      <div
        className="sc-fubCfw hZYuyy"
      >
        Your cart is empty
      </div>
      <a
        className="sc-iBPRYJ gccwaF"
        href="/"
        onClick={[Function]}
      >
        <div
          className="sc-pFZIQ gqSudd"
        >
          Find something you love to fill it up
        </div>
      </a>
    </div>
  </div>
  <div />
  <div
    className="sc-iqHYGH hkfElO"
  >
    <table
      className="sc-kEjbxe jWUUgM"
    >
      <thead>
        <tr>
          <th />
          <th>
            Item
          </th>
          <th>
            Item Price
          </th>
          <th>
            Item Quantity
          </th>
        </tr>
      </thead>
      <tbody />
    </table>
    <div
      className="sc-bqyKva ffJEES"
    >
      <h2>
        Order Summary
      </h2>
      <p>
        Subtotal: $
        0
      </p>
      <p>
        Shipping: TBD
      </p>
      <p>
        Estimated Tax: $0.00
      </p>
      <p>
        Total: $
        0
      </p>
      <p
        className="sc-kstrdz dgWiar"
      >
        Estimated Delivery: Feb 16-24
      </p>
      <button
        className="sc-hBEYos hCWKSF"
      >
        Checkout
      </button>
    </div>
  </div>
</div>
`;
